// Jest Snapshot v1, https://goo.gl/fbAQLP

exports[`Testing CardPost component snapshot test 1`] = `
"<Fragment>
  <div className=\\"post\\">
    <img className=\\"postImg\\" src={[undefined]} />
    <div className=\\"postInfo\\">
      <div className=\\"PostEdit\\">
        <i className=\\"singlePostIcon1 fa fa-edit\\" onClick={[Function (anonymous)]} id=\\"edit\\" />
        <i className=\\"singlePostIcon2 fa fa-trash\\" id=\\"delete\\" onClick={[Function: bound ]} />
      </div>
      <div className=\\"postCats\\">
        <span className=\\"postCat\\">
          Tech
        </span>
      </div>
      <ForwardRef(Tooltip) title={{...}} placement=\\"right\\">
        <span className=\\"postTitle\\">
          Aman Johri
        </span>
      </ForwardRef(Tooltip)>
      <span className=\\"postDate\\">
        Sat Apr 02 2022
      </span>
      <button className=\\"singlePostIcon3\\" onClick={[Function (anonymous)]}>
        View Blog
      </button>
    </div>
    <ForwardRef(Dialog) open={false} onClose={[Function: bound ]} aria-labelledby=\\"alert-dialog-title\\" aria-describedby=\\"alert-dialog-description\\">
      <ForwardRef(DialogTitle) id=\\"alert-dialog-title\\">
        Are you sure you want to delete this post?
      </ForwardRef(DialogTitle)>
      <ForwardRef(DialogContent)>
        <ForwardRef(DialogContentText) id=\\"alert-dialog-description\\">
          This action cannot be undone.
        </ForwardRef(DialogContentText)>
      </ForwardRef(DialogContent)>
      <ForwardRef(DialogActions)>
        <ForwardRef(Button) onClick={[Function: bound ]}>
          Cancel
        </ForwardRef(Button)>
        <ForwardRef(Button) onClick={[Function (anonymous)]}>
          Continue
        </ForwardRef(Button)>
      </ForwardRef(DialogActions)>
    </ForwardRef(Dialog)>
  </div>
  <SinglePost id={[undefined]} open={false} img={[undefined]} post={{...}} deleteData={[Function: deleteData]} getData={[Function: getData]} updateData={[Function: updateData]} />
  <Connect(SinglePost) id={[undefined]} open={false} img={[undefined]} post={{...}} />
</Fragment>"
`;
